2026-04-25 23:24:44 [INFO] indexer.check_and_build_index: 📖 Reading EPUBs from './books' ...
2026-04-25 23:24:49 [INFO] indexer.check_and_build_index: Loaded 8 document chunks.
2026-04-25 23:24:49 [DEBUG] indexer.check_and_build_index: {'file_path': '/Users/jeevan-11987/Personal/ai-resources-guide/pet-projects/02_lotm-rag-try2/books/Lord of Mysteries Volume 1 Clown (Cuttlefish That Loves Diving) (Z-Library).epub', 'file_name': 'Lord of Mysteries Volume 1 Clown (Cuttlefish That Loves Diving) (Z-Library).epub', 'file_type': 'application/epub+zip', 'file_size': 13594113, 'creation_date': '2026-04-19', 'last_modified_date': '2026-04-23', 'book_full_name': 'Lord of Mysteries Volume 1 Clown', 'novel_series_name': 'Lord of Mysteries', 'volume': 1, 'title': 'Clown'}
2026-04-25 23:24:49 [DEBUG] indexer.check_and_build_index: {'file_path': '/Users/jeevan-11987/Personal/ai-resources-guide/pet-projects/02_lotm-rag-try2/books/Lord of Mysteries Volume 2 Faceless (Cuttlefish That Loves Diving) (Z-Library).epub', 'file_name': 'Lord of Mysteries Volume 2 Faceless (Cuttlefish That Loves Diving) (Z-Library).epub', 'file_type': 'application/epub+zip', 'file_size': 14482645, 'creation_date': '2026-04-19', 'last_modified_date': '2026-04-23', 'book_full_name': 'Lord of Mysteries Volume 2 Faceless', 'novel_series_name': 'Lord of Mysteries', 'volume': 2, 'title': 'Faceless'}
2026-04-25 23:24:49 [DEBUG] indexer.check_and_build_index: {'file_path': '/Users/jeevan-11987/Personal/ai-resources-guide/pet-projects/02_lotm-rag-try2/books/Lord of Mysteries Volume 3 Traveler (Cuttlefish That Loves Diving) (Z-Library).epub', 'file_name': 'Lord of Mysteries Volume 3 Traveler (Cuttlefish That Loves Diving) (Z-Library).epub', 'file_type': 'application/epub+zip', 'file_size': 14365207, 'creation_date': '2026-04-19', 'last_modified_date': '2026-04-23', 'book_full_name': 'Lord of Mysteries Volume 3 Traveler', 'novel_series_name': 'Lord of Mysteries', 'volume': 3, 'title': 'Traveler'}
2026-04-25 23:24:49 [DEBUG] indexer.check_and_build_index: {'file_path': '/Users/jeevan-11987/Personal/ai-resources-guide/pet-projects/02_lotm-rag-try2/books/Lord of Mysteries Volume 4 Undying (Cuttlefish That Loves Diving) (Z-Library).epub', 'file_name': 'Lord of Mysteries Volume 4 Undying (Cuttlefish That Loves Diving) (Z-Library).epub', 'file_type': 'application/epub+zip', 'file_size': 11899046, 'creation_date': '2026-04-19', 'last_modified_date': '2026-04-23', 'book_full_name': 'Lord of Mysteries Volume 4 Undying', 'novel_series_name': 'Lord of Mysteries', 'volume': 4, 'title': 'Undying'}
2026-04-25 23:24:49 [DEBUG] indexer.check_and_build_index: {'file_path': '/Users/jeevan-11987/Personal/ai-resources-guide/pet-projects/02_lotm-rag-try2/books/Lord of Mysteries Volume 5 Red Priest (Cuttlefish That Loves Diving) (Z-Library).epub', 'file_name': 'Lord of Mysteries Volume 5 Red Priest (Cuttlefish That Loves Diving) (Z-Library).epub', 'file_type': 'application/epub+zip', 'file_size': 12966059, 'creation_date': '2026-04-19', 'last_modified_date': '2026-04-23', 'book_full_name': 'Lord of Mysteries Volume 5 Red Priest', 'novel_series_name': 'Lord of Mysteries', 'volume': 5, 'title': 'Red Priest'}
2026-04-25 23:24:49 [DEBUG] indexer.check_and_build_index: {'file_path': '/Users/jeevan-11987/Personal/ai-resources-guide/pet-projects/02_lotm-rag-try2/books/Lord of Mysteries Volume 6 Lightseeker (Cuttlefish That Loves Diving (爱潜水的乌贼)) (z-library.sk, 1lib.sk, z-lib.sk).epub', 'file_name': 'Lord of Mysteries Volume 6 Lightseeker (Cuttlefish That Loves Diving (爱潜水的乌贼)) (z-library.sk, 1lib.sk, z-lib.sk).epub', 'file_type': 'application/epub+zip', 'file_size': 10248794, 'creation_date': '2026-04-19', 'last_modified_date': '2026-04-23', 'book_full_name': 'Lord of Mysteries Volume 6 Lightseeker', 'novel_series_name': 'Lord of Mysteries', 'volume': 6, 'title': 'Lightseeker'}
2026-04-25 23:24:49 [DEBUG] indexer.check_and_build_index: {'file_path': '/Users/jeevan-11987/Personal/ai-resources-guide/pet-projects/02_lotm-rag-try2/books/Lord of Mysteries Volume 7 The Hanged Man (Cuttlefish That Loves Diving) (Z-Library).epub', 'file_name': 'Lord of Mysteries Volume 7 The Hanged Man (Cuttlefish That Loves Diving) (Z-Library).epub', 'file_type': 'application/epub+zip', 'file_size': 11365026, 'creation_date': '2026-04-19', 'last_modified_date': '2026-04-23', 'book_full_name': 'Lord of Mysteries Volume 7 The Hanged Man', 'novel_series_name': 'Lord of Mysteries', 'volume': 7, 'title': 'The Hanged Man'}
2026-04-25 23:24:49 [DEBUG] indexer.check_and_build_index: {'file_path': '/Users/jeevan-11987/Personal/ai-resources-guide/pet-projects/02_lotm-rag-try2/books/Lord of Mysteries Volume 8 Fool (Cuttlefish That Loves Diving) (Z-Library).epub', 'file_name': 'Lord of Mysteries Volume 8 Fool (Cuttlefish That Loves Diving) (Z-Library).epub', 'file_type': 'application/epub+zip', 'file_size': 12060946, 'creation_date': '2026-04-19', 'last_modified_date': '2026-04-23', 'book_full_name': 'Lord of Mysteries Volume 8 Fool', 'novel_series_name': 'Lord of Mysteries', 'volume': 8, 'title': 'Fool'}
2026-04-25 23:27:01 [INFO] indexer.check_and_build_index: 📖 Reading EPUBs from './books' ...
2026-04-25 23:27:06 [INFO] indexer.check_and_build_index: Loaded 8 document chunks.
2026-04-25 23:27:06 [INFO] indexer.check_and_build_index: Building vector index...
2026-04-25 23:35:35 [INFO] indexer.check_and_build_index: Index built and saved to './bookbuddy_index'
2026-04-25 23:35:35 [INFO] indexer.get_index: Loading index from './bookbuddy_index'...
2026-04-25 23:35:41 [INFO] indexer.get_index: Index loaded successfully.
2026-04-25 23:51:42 [INFO] indexer.get_index: Loading index from './bookbuddy_index'...
2026-04-25 23:51:49 [INFO] indexer.get_index: Index loaded successfully.
2026-04-25 23:54:50 [INFO] indexer.get_index: Loading index from './bookbuddy_index'...
2026-04-25 23:54:57 [INFO] indexer.get_index: Index loaded successfully.
2026-04-26 01:15:16 [INFO] indexer.get_index: Loading index from './bookbuddy_index'...
2026-04-26 01:15:22 [INFO] indexer.get_index: Index loaded successfully.
2026-04-26 21:01:24 [INFO] indexer.check_and_build_index: 📖 Reading EPUBs from './books' ...
2026-04-26 21:01:29 [INFO] indexer.check_and_build_index: Loaded 8 document chunks.
2026-04-26 21:01:29 [INFO] indexer.check_and_build_index: Building vector index...
2026-04-26 21:10:25 [INFO] indexer.check_and_build_index: Index built and saved to './bookbuddy_index'
2026-04-26 21:10:25 [INFO] indexer.get_index: Loading index from './bookbuddy_index'...
2026-04-26 21:10:36 [INFO] indexer.get_index: Index loaded successfully.
2026-04-26 21:25:44 [INFO] indexer.get_index: Loading index from './bookbuddy_index'...
2026-04-26 21:25:56 [INFO] indexer.get_index: Index loaded successfully.
